Component: ARM Compiler 5.06 update 7 (build 960) Tool: armlink [4d3601]

==============================================================================

Section Cross References

    startup_stm32f10x_hd.o(RESET) refers to startup_stm32f10x_hd.o(STACK) for __initial_sp
    startup_stm32f10x_hd.o(RESET) refers to startup_stm32f10x_hd.o(.text) for Reset_Handler
    startup_stm32f10x_hd.o(RESET) refers to stm32f10x_it.o(.text) for NMI_Handler
    startup_stm32f10x_hd.o(.text) refers to system_stm32f10x.o(.text) for SystemInit
    startup_stm32f10x_hd.o(.text) refers to entry.o(.ARM.Collect$$$$00000000) for __main
    system_stm32f10x.o(.text) refers to system_stm32f10x.o(.data) for SystemCoreClock
    stm32f10x_adc.o(.text) refers to stm32f10x_rcc.o(.text) for RCC_APB2PeriphResetCmd
    stm32f10x_bkp.o(.text) refers to stm32f10x_rcc.o(.text) for RCC_BackupResetCmd
    stm32f10x_can.o(.text) refers to stm32f10x_rcc.o(.text) for RCC_APB1PeriphResetCmd
    stm32f10x_cec.o(.text) refers to stm32f10x_rcc.o(.text) for RCC_APB1PeriphResetCmd
    stm32f10x_dac.o(.text) refers to stm32f10x_rcc.o(.text) for RCC_APB1PeriphResetCmd
    stm32f10x_gpio.o(.text) refers to stm32f10x_rcc.o(.text) for RCC_APB2PeriphResetCmd
    stm32f10x_i2c.o(.text) refers to stm32f10x_rcc.o(.text) for RCC_APB1PeriphResetCmd
    stm32f10x_pwr.o(.text) refers to stm32f10x_rcc.o(.text) for RCC_APB1PeriphResetCmd
    stm32f10x_rcc.o(.text) refers to stm32f10x_rcc.o(.data) for APBAHBPrescTable
    stm32f10x_spi.o(.text) refers to stm32f10x_rcc.o(.text) for RCC_APB2PeriphResetCmd
    stm32f10x_tim.o(.text) refers to stm32f10x_rcc.o(.text) for RCC_APB2PeriphResetCmd
    stm32f10x_usart.o(.text) refers to stm32f10x_rcc.o(.text) for RCC_APB2PeriphResetCmd
    stm32f10x_wwdg.o(.text) refers to stm32f10x_rcc.o(.text) for RCC_APB1PeriphResetCmd
    main.o(.text) refers to bsp_keyboard.o(.text) for Keyboard_Init
    main.o(.text) refers to bsp_stepper.o(.text) for stepper_Init
    main.o(.text) refers to bsp_oled.o(.text) for OLED_Init
    main.o(.text) refers to stm32f10x_gpio.o(.text) for GPIO_SetBits
    main.o(.text) refers to fflti.o(.text) for __aeabi_i2f
    stm32f10x_it.o(.text) refers to stm32f10x_usart.o(.text) for USART_GetITStatus
    bsp_usart.o(.text) refers to misc.o(.text) for NVIC_PriorityGroupConfig
    bsp_usart.o(.text) refers to stm32f10x_rcc.o(.text) for RCC_APB2PeriphClockCmd
    bsp_usart.o(.text) refers to stm32f10x_gpio.o(.text) for GPIO_Init
    bsp_usart.o(.text) refers to stm32f10x_usart.o(.text) for USART_Init
    bsp_key.o(.text) refers to stm32f10x_rcc.o(.text) for RCC_APB2PeriphClockCmd
    bsp_key.o(.text) refers to stm32f10x_gpio.o(.text) for GPIO_Init
    bsp_stepper.o(.text) refers to f2d.o(.text) for __aeabi_f2d
    bsp_stepper.o(.text) refers to ddiv.o(.text) for __aeabi_ddiv
    bsp_stepper.o(.text) refers to dfixi.o(.text) for __aeabi_d2iz
    bsp_stepper.o(.text) refers to stm32f10x_gpio.o(.text) for GPIO_SetBits
    bsp_stepper.o(.text) refers to bsp_delay.o(.text) for SysTick_Delay_us
    bsp_stepper.o(.text) refers to stm32f10x_rcc.o(.text) for RCC_APB2PeriphClockCmd
    bsp_oled.o(.text) refers to stm32f10x_gpio.o(.text) for GPIO_SetBits
    bsp_oled.o(.text) refers to bsp_oled.o(.bss) for OLED_GRAM
    bsp_oled.o(.text) refers to bsp_oled.o(.constdata) for asc2_0806
    bsp_oled.o(.text) refers to stm32f10x_rcc.o(.text) for RCC_APB2PeriphClockCmd
    bsp_oled.o(.text) refers to bsp_delay.o(.text) for SysTick_Delay_ms
    sys.o(.text) refers to misc.o(.text) for NVIC_PriorityGroupConfig
    bsp_keyboard.o(.text) refers to stm32f10x_rcc.o(.text) for RCC_APB2PeriphClockCmd
    bsp_keyboard.o(.text) refers to stm32f10x_gpio.o(.text) for GPIO_Init
    bsp_keyboard.o(.text) refers to bsp_delay.o(.text) for SysTick_Delay_ms
    bsp_keyboard.o(.text) refers to bsp_keyboard.o(.data) for flag
    entry.o(.ARM.Collect$$$$00000000) refers (Special) to entry10a.o(.ARM.Collect$$$$0000000F) for __rt_final_cpp
    entry.o(.ARM.Collect$$$$00000000) refers (Special) to entry11a.o(.ARM.Collect$$$$00000011) for __rt_final_exit
    entry.o(.ARM.Collect$$$$00000000) refers (Special) to entry12b.o(.ARM.Collect$$$$0000000E) for __rt_lib_shutdown_fini
    entry.o(.ARM.Collect$$$$00000000) refers (Special) to entry7b.o(.ARM.Collect$$$$00000008) for _main_clock
    entry.o(.ARM.Collect$$$$00000000) refers (Special) to entry8b.o(.ARM.Collect$$$$0000000A) for _main_cpp_init
    entry.o(.ARM.Collect$$$$00000000) refers (Special) to entry9a.o(.ARM.Collect$$$$0000000B) for _main_init
    entry.o(.ARM.Collect$$$$00000000) refers (Special) to entry5.o(.ARM.Collect$$$$00000004) for _main_scatterload
    entry.o(.ARM.Collect$$$$00000000) refers (Special) to entry2.o(.ARM.Collect$$$$00000001) for _main_stk
    ddiv.o(.text) refers (Special) to iusefp.o(.text) for __I$use$fp
    ddiv.o(.text) refers to depilogue.o(.text) for _double_round
    fflti.o(.text) refers (Special) to iusefp.o(.text) for __I$use$fp
    fflti.o(.text) refers to fepilogue.o(.text) for _float_epilogue
    dfixi.o(.text) refers (Special) to iusefp.o(.text) for __I$use$fp
    dfixi.o(.text) refers to llushr.o(.text) for __aeabi_llsr
    f2d.o(.text) refers (Special) to iusefp.o(.text) for __I$use$fp
    entry2.o(.ARM.Collect$$$$00000001) refers to entry2.o(.ARM.Collect$$$$00002712) for __lit__00000000
    entry2.o(.ARM.Collect$$$$00002712) refers to startup_stm32f10x_hd.o(STACK) for __initial_sp
    entry2.o(__vectab_stack_and_reset_area) refers to startup_stm32f10x_hd.o(STACK) for __initial_sp
    entry2.o(__vectab_stack_and_reset_area) refers to entry.o(.ARM.Collect$$$$00000000) for __main
    entry5.o(.ARM.Collect$$$$00000004) refers to init.o(.text) for __scatterload
    entry9a.o(.ARM.Collect$$$$0000000B) refers to main.o(.text) for main
    entry9b.o(.ARM.Collect$$$$0000000C) refers to main.o(.text) for main
    depilogue.o(.text) refers to llshl.o(.text) for __aeabi_llsl
    depilogue.o(.text) refers to llushr.o(.text) for __aeabi_llsr
    init.o(.text) refers to entry5.o(.ARM.Collect$$$$00000004) for __main_after_scatterload


==============================================================================

Removing Unused input sections from the image.

    Removing startup_stm32f10x_hd.o(HEAP), (512 bytes).
    Removing core_cm3.o(.emb_text), (32 bytes).
    Removing misc.o(.text), (220 bytes).
    Removing stm32f10x_adc.o(.text), (1102 bytes).
    Removing stm32f10x_bkp.o(.text), (196 bytes).
    Removing stm32f10x_can.o(.text), (2544 bytes).
    Removing stm32f10x_cec.o(.text), (288 bytes).
    Removing stm32f10x_crc.o(.text), (72 bytes).
    Removing stm32f10x_dac.o(.text), (396 bytes).
    Removing stm32f10x_dbgmcu.o(.text), (48 bytes).
    Removing stm32f10x_dma.o(.text), (596 bytes).
    Removing stm32f10x_exti.o(.text), (284 bytes).
    Removing stm32f10x_flash.o(.text), (1468 bytes).
    Removing stm32f10x_fsmc.o(.text), (1548 bytes).
    Removing stm32f10x_i2c.o(.text), (1028 bytes).
    Removing stm32f10x_iwdg.o(.text), (64 bytes).
    Removing stm32f10x_pwr.o(.text), (204 bytes).
    Removing stm32f10x_rtc.o(.text), (328 bytes).
    Removing stm32f10x_sdio.o(.text), (468 bytes).
    Removing stm32f10x_spi.o(.text), (780 bytes).
    Removing stm32f10x_tim.o(.text), (3610 bytes).
    Removing stm32f10x_wwdg.o(.text), (136 bytes).
    Removing bsp_usart.o(.text), (420 bytes).
    Removing bsp_key.o(.text), (104 bytes).
    Removing sys.o(.text), (12 bytes).

25 unused section(s) (total 16460 bytes) removed from the image.

==============================================================================

Image Symbol Table

    Local Symbols

    Symbol Name                              Value     Ov Type        Size  Object(Section)

    ../clib/microlib/init/entry.s            0x00000000   Number         0  entry12a.o ABSOLUTE
    ../clib/microlib/init/entry.s            0x00000000   Number         0  entry12b.o ABSOLUTE
    ../clib/microlib/init/entry.s            0x00000000   Number         0  entry9a.o ABSOLUTE
    ../clib/microlib/init/entry.s            0x00000000   Number         0  entry11b.o ABSOLUTE
    ../clib/microlib/init/entry.s            0x00000000   Number         0  entry11a.o ABSOLUTE
    ../clib/microlib/init/entry.s            0x00000000   Number         0  entry10b.o ABSOLUTE
    ../clib/microlib/init/entry.s            0x00000000   Number         0  entry9b.o ABSOLUTE
    ../clib/microlib/init/entry.s            0x00000000   Number         0  entry.o ABSOLUTE
    ../clib/microlib/init/entry.s            0x00000000   Number         0  entry2.o ABSOLUTE
    ../clib/microlib/init/entry.s            0x00000000   Number         0  entry5.o ABSOLUTE
    ../clib/microlib/init/entry.s            0x00000000   Number         0  entry7a.o ABSOLUTE
    ../clib/microlib/init/entry.s            0x00000000   Number         0  entry7b.o ABSOLUTE
    ../clib/microlib/init/entry.s            0x00000000   Number         0  entry8a.o ABSOLUTE
    ../clib/microlib/init/entry.s            0x00000000   Number         0  entry8b.o ABSOLUTE
    ../clib/microlib/init/entry.s            0x00000000   Number         0  entry10a.o ABSOLUTE
    ../clib/microlib/longlong.c              0x00000000   Number         0  llushr.o ABSOLUTE
    ../clib/microlib/longlong.c              0x00000000   Number         0  llshl.o ABSOLUTE
    ../clib/microlib/stubs.s                 0x00000000   Number         0  iusefp.o ABSOLUTE
    ../fplib/microlib/f2d.c                  0x00000000   Number         0  f2d.o ABSOLUTE
    ../fplib/microlib/fpdiv.c                0x00000000   Number         0  ddiv.o ABSOLUTE
    ../fplib/microlib/fpepilogue.c           0x00000000   Number         0  depilogue.o ABSOLUTE
    ../fplib/microlib/fpepilogue.c           0x00000000   Number         0  fepilogue.o ABSOLUTE
    ../fplib/microlib/fpfix.c                0x00000000   Number         0  dfixi.o ABSOLUTE
    ../fplib/microlib/fpflt.c                0x00000000   Number         0  fflti.o ABSOLUTE
    ..\..\Libraries\CMSIS\core_cm3.c         0x00000000   Number         0  core_cm3.o ABSOLUTE
    ..\..\Libraries\CMSIS\startup\startup_stm32f10x_hd.s 0x00000000   Number         0  startup_stm32f10x_hd.o ABSOLUTE
    ..\..\Libraries\CMSIS\system_stm32f10x.c 0x00000000   Number         0  system_stm32f10x.o ABSOLUTE
    ..\..\Libraries\FWlib\src\misc.c         0x00000000   Number         0  misc.o ABSOLUTE
    ..\..\Libraries\FWlib\src\stm32f10x_adc.c 0x00000000   Number         0  stm32f10x_adc.o ABSOLUTE
    ..\..\Libraries\FWlib\src\stm32f10x_bkp.c 0x00000000   Number         0  stm32f10x_bkp.o ABSOLUTE
    ..\..\Libraries\FWlib\src\stm32f10x_can.c 0x00000000   Number         0  stm32f10x_can.o ABSOLUTE
    ..\..\Libraries\FWlib\src\stm32f10x_cec.c 0x00000000   Number         0  stm32f10x_cec.o ABSOLUTE
    ..\..\Libraries\FWlib\src\stm32f10x_crc.c 0x00000000   Number         0  stm32f10x_crc.o ABSOLUTE
    ..\..\Libraries\FWlib\src\stm32f10x_dac.c 0x00000000   Number         0  stm32f10x_dac.o ABSOLUTE
    ..\..\Libraries\FWlib\src\stm32f10x_dbgmcu.c 0x00000000   Number         0  stm32f10x_dbgmcu.o ABSOLUTE
    ..\..\Libraries\FWlib\src\stm32f10x_dma.c 0x00000000   Number         0  stm32f10x_dma.o ABSOLUTE
    ..\..\Libraries\FWlib\src\stm32f10x_exti.c 0x00000000   Number         0  stm32f10x_exti.o ABSOLUTE
    ..\..\Libraries\FWlib\src\stm32f10x_flash.c 0x00000000   Number         0  stm32f10x_flash.o ABSOLUTE
    ..\..\Libraries\FWlib\src\stm32f10x_fsmc.c 0x00000000   Number         0  stm32f10x_fsmc.o ABSOLUTE
    ..\..\Libraries\FWlib\src\stm32f10x_gpio.c 0x00000000   Number         0  stm32f10x_gpio.o ABSOLUTE
    ..\..\Libraries\FWlib\src\stm32f10x_i2c.c 0x00000000   Number         0  stm32f10x_i2c.o ABSOLUTE
    ..\..\Libraries\FWlib\src\stm32f10x_iwdg.c 0x00000000   Number         0  stm32f10x_iwdg.o ABSOLUTE
    ..\..\Libraries\FWlib\src\stm32f10x_pwr.c 0x00000000   Number         0  stm32f10x_pwr.o ABSOLUTE
    ..\..\Libraries\FWlib\src\stm32f10x_rcc.c 0x00000000   Number         0  stm32f10x_rcc.o ABSOLUTE
    ..\..\Libraries\FWlib\src\stm32f10x_rtc.c 0x00000000   Number         0  stm32f10x_rtc.o ABSOLUTE
    ..\..\Libraries\FWlib\src\stm32f10x_sdio.c 0x00000000   Number         0  stm32f10x_sdio.o ABSOLUTE
    ..\..\Libraries\FWlib\src\stm32f10x_spi.c 0x00000000   Number         0  stm32f10x_spi.o ABSOLUTE
    ..\..\Libraries\FWlib\src\stm32f10x_tim.c 0x00000000   Number         0  stm32f10x_tim.o ABSOLUTE
    ..\..\Libraries\FWlib\src\stm32f10x_usart.c 0x00000000   Number         0  stm32f10x_usart.o ABSOLUTE
    ..\..\Libraries\FWlib\src\stm32f10x_wwdg.c 0x00000000   Number         0  stm32f10x_wwdg.o ABSOLUTE
    ..\..\User\delay\bsp_delay.c             0x00000000   Number         0  bsp_delay.o ABSOLUTE
    ..\..\User\key\bsp_key.c                 0x00000000   Number         0  bsp_key.o ABSOLUTE
    ..\..\User\keyboard\bsp_keyboard.c       0x00000000   Number         0  bsp_keyboard.o ABSOLUTE
    ..\..\User\main.c                        0x00000000   Number         0  main.o ABSOLUTE
    ..\..\User\oled\bsp_oled.c               0x00000000   Number         0  bsp_oled.o ABSOLUTE
    ..\..\User\stepper\bsp_stepper.c         0x00000000   Number         0  bsp_stepper.o ABSOLUTE
    ..\..\User\stm32f10x_it.c                0x00000000   Number         0  stm32f10x_it.o ABSOLUTE
    ..\..\User\sys\sys.c                     0x00000000   Number         0  sys.o ABSOLUTE
    ..\..\User\usart\bsp_usart.c             0x00000000   Number         0  bsp_usart.o ABSOLUTE
    ..\\..\\Libraries\\CMSIS\\core_cm3.c     0x00000000   Number         0  core_cm3.o ABSOLUTE
    dc.s                                     0x00000000   Number         0  dc.o ABSOLUTE
    handlers.s                               0x00000000   Number         0  handlers.o ABSOLUTE
    init.s                                   0x00000000   Number         0  init.o ABSOLUTE
    RESET                                    0x08000000   Section      304  startup_stm32f10x_hd.o(RESET)
    .ARM.Collect$$$$00000000                 0x08000130   Section        0  entry.o(.ARM.Collect$$$$00000000)
    .ARM.Collect$$$$00000001                 0x08000130   Section        4  entry2.o(.ARM.Collect$$$$00000001)
    .ARM.Collect$$$$00000004                 0x08000134   Section        4  entry5.o(.ARM.Collect$$$$00000004)
    .ARM.Collect$$$$00000008                 0x08000138   Section        0  entry7b.o(.ARM.Collect$$$$00000008)
    .ARM.Collect$$$$0000000A                 0x08000138   Section        0  entry8b.o(.ARM.Collect$$$$0000000A)
    .ARM.Collect$$$$0000000B                 0x08000138   Section        8  entry9a.o(.ARM.Collect$$$$0000000B)
    .ARM.Collect$$$$0000000E                 0x08000140   Section        4  entry12b.o(.ARM.Collect$$$$0000000E)
    .ARM.Collect$$$$0000000F                 0x08000144   Section        0  entry10a.o(.ARM.Collect$$$$0000000F)
    .ARM.Collect$$$$00000011                 0x08000144   Section        0  entry11a.o(.ARM.Collect$$$$00000011)
    .ARM.Collect$$$$00002712                 0x08000144   Section        4  entry2.o(.ARM.Collect$$$$00002712)
    __lit__00000000                          0x08000144   Data           4  entry2.o(.ARM.Collect$$$$00002712)
    .text                                    0x08000148   Section       36  startup_stm32f10x_hd.o(.text)
    .text                                    0x0800016c   Section        0  system_stm32f10x.o(.text)
    SetSysClockTo72                          0x0800016d   Thumb Code   214  system_stm32f10x.o(.text)
    SetSysClock                              0x08000243   Thumb Code     8  system_stm32f10x.o(.text)
    .text                                    0x0800034c   Section        0  stm32f10x_gpio.o(.text)
    .text                                    0x080006a8   Section        0  stm32f10x_rcc.o(.text)
    .text                                    0x08000a4c   Section        0  stm32f10x_usart.o(.text)
    .text                                    0x08000e54   Section        0  main.o(.text)
    .text                                    0x080012b8   Section        0  stm32f10x_it.o(.text)
    .text                                    0x080012f8   Section        0  bsp_delay.o(.text)
    SysTick_Config                           0x080012f9   Thumb Code    76  bsp_delay.o(.text)
    .text                                    0x080013bc   Section        0  bsp_stepper.o(.text)
    .text                                    0x080014b8   Section        0  bsp_oled.o(.text)
    .text                                    0x08001dcc   Section        0  bsp_keyboard.o(.text)
    .text                                    0x080021b8   Section        0  ddiv.o(.text)
    .text                                    0x08002296   Section        0  fflti.o(.text)
    .text                                    0x080022a8   Section        0  dfixi.o(.text)
    .text                                    0x080022e6   Section        0  f2d.o(.text)
    .text                                    0x0800230c   Section        0  llushr.o(.text)
    .text                                    0x0800232c   Section        0  iusefp.o(.text)
    .text                                    0x0800232c   Section        0  fepilogue.o(.text)
    .text                                    0x0800239a   Section        0  depilogue.o(.text)
    .text                                    0x08002454   Section       36  init.o(.text)
    .text                                    0x08002478   Section        0  llshl.o(.text)
    i.__scatterload_copy                     0x08002496   Section       14  handlers.o(i.__scatterload_copy)
    i.__scatterload_null                     0x080024a4   Section        2  handlers.o(i.__scatterload_null)
    i.__scatterload_zeroinit                 0x080024a6   Section       14  handlers.o(i.__scatterload_zeroinit)
    .constdata                               0x080024b4   Section     7568  bsp_oled.o(.constdata)
    .data                                    0x20000000   Section       20  system_stm32f10x.o(.data)
    .data                                    0x20000014   Section       20  stm32f10x_rcc.o(.data)
    APBAHBPrescTable                         0x20000014   Data          16  stm32f10x_rcc.o(.data)
    ADCPrescTable                            0x20000024   Data           4  stm32f10x_rcc.o(.data)
    .data                                    0x20000028   Section       16  bsp_keyboard.o(.data)
    .bss                                     0x20000038   Section     1152  bsp_oled.o(.bss)
    STACK                                    0x200004b8   Section     1024  startup_stm32f10x_hd.o(STACK)

    Global Symbols

    Symbol Name                              Value     Ov Type        Size  Object(Section)

    BuildAttributes$$THM_ISAv4$P$D$K$B$S$PE$A:L22UL41UL21$X:L11$S22US41US21$IEEE1$IW$USESV6$~STKCKD$USESV7$~SHL$OTIME$ROPI$EBA8$MICROLIB$REQ8$PRES8$EABIv2 0x00000000   Number         0  anon$$obj.o ABSOLUTE
    __ARM_use_no_argv                        0x00000000   Number         0  main.o ABSOLUTE
    __arm_fini_                               - Undefined Weak Reference
    __cpp_initialize__aeabi_                  - Undefined Weak Reference
    __cxa_finalize                            - Undefined Weak Reference
    __decompress                              - Undefined Weak Reference
    _clock_init                               - Undefined Weak Reference
    _microlib_exit                            - Undefined Weak Reference
    __Vectors_Size                           0x00000130   Number         0  startup_stm32f10x_hd.o ABSOLUTE
    __Vectors                                0x08000000   Data           4  startup_stm32f10x_hd.o(RESET)
    __Vectors_End                            0x08000130   Data           0  startup_stm32f10x_hd.o(RESET)
    __main                                   0x08000131   Thumb Code     0  entry.o(.ARM.Collect$$$$00000000)
    _main_stk                                0x08000131   Thumb Code     0  entry2.o(.ARM.Collect$$$$00000001)
    _main_scatterload                        0x08000135   Thumb Code     0  entry5.o(.ARM.Collect$$$$00000004)
    __main_after_scatterload                 0x08000139   Thumb Code     0  entry5.o(.ARM.Collect$$$$00000004)
    _main_clock                              0x08000139   Thumb Code     0  entry7b.o(.ARM.Collect$$$$00000008)
    _main_cpp_init                           0x08000139   Thumb Code     0  entry8b.o(.ARM.Collect$$$$0000000A)
    _main_init                               0x08000139   Thumb Code     0  entry9a.o(.ARM.Collect$$$$0000000B)
    __rt_lib_shutdown_fini                   0x08000141   Thumb Code     0  entry12b.o(.ARM.Collect$$$$0000000E)
    __rt_final_cpp                           0x08000145   Thumb Code     0  entry10a.o(.ARM.Collect$$$$0000000F)
    __rt_final_exit                          0x08000145   Thumb Code     0  entry11a.o(.ARM.Collect$$$$00000011)
    Reset_Handler                            0x08000149   Thumb Code     8  startup_stm32f10x_hd.o(.text)
    ADC1_2_IRQHandler                        0x08000163   Thumb Code     0  startup_stm32f10x_hd.o(.text)
    ADC3_IRQHandler                          0x08000163   Thumb Code     0  startup_stm32f10x_hd.o(.text)
    CAN1_RX1_IRQHandler                      0x08000163   Thumb Code     0  startup_stm32f10x_hd.o(.text)
    CAN1_SCE_IRQHandler                      0x08000163   Thumb Code     0  startup_stm32f10x_hd.o(.text)
    DMA1_Channel1_IRQHandler                 0x08000163   Thumb Code     0  startup_stm32f10x_hd.o(.text)
    DMA1_Channel2_IRQHandler                 0x08000163   Thumb Code     0  startup_stm32f10x_hd.o(.text)
    DMA1_Channel3_IRQHandler                 0x08000163   Thumb Code     0  startup_stm32f10x_hd.o(.text)
    DMA1_Channel4_IRQHandler                 0x08000163   Thumb Code     0  startup_stm32f10x_hd.o(.text)
    DMA1_Channel5_IRQHandler                 0x08000163   Thumb Code     0  startup_stm32f10x_hd.o(.text)
    DMA1_Channel6_IRQHandler                 0x08000163   Thumb Code     0  startup_stm32f10x_hd.o(.text)
    DMA1_Channel7_IRQHandler                 0x08000163   Thumb Code     0  startup_stm32f10x_hd.o(.text)
    DMA2_Channel1_IRQHandler                 0x08000163   Thumb Code     0  startup_stm32f10x_hd.o(.text)
    DMA2_Channel2_IRQHandler                 0x08000163   Thumb Code     0  startup_stm32f10x_hd.o(.text)
    DMA2_Channel3_IRQHandler                 0x08000163   Thumb Code     0  startup_stm32f10x_hd.o(.text)
    DMA2_Channel4_5_IRQHandler               0x08000163   Thumb Code     0  startup_stm32f10x_hd.o(.text)
    EXTI0_IRQHandler                         0x08000163   Thumb Code     0  startup_stm32f10x_hd.o(.text)
    EXTI15_10_IRQHandler                     0x08000163   Thumb Code     0  startup_stm32f10x_hd.o(.text)
    EXTI1_IRQHandler                         0x08000163   Thumb Code     0  startup_stm32f10x_hd.o(.text)
    EXTI2_IRQHandler                         0x08000163   Thumb Code     0  startup_stm32f10x_hd.o(.text)
    EXTI3_IRQHandler                         0x08000163   Thumb Code     0  startup_stm32f10x_hd.o(.text)
    EXTI4_IRQHandler                         0x08000163   Thumb Code     0  startup_stm32f10x_hd.o(.text)
    EXTI9_5_IRQHandler                       0x08000163   Thumb Code     0  startup_stm32f10x_hd.o(.text)
    FLASH_IRQHandler                         0x08000163   Thumb Code     0  startup_stm32f10x_hd.o(.text)
    FSMC_IRQHandler                          0x08000163   Thumb Code     0  startup_stm32f10x_hd.o(.text)
    I2C1_ER_IRQHandler                       0x08000163   Thumb Code     0  startup_stm32f10x_hd.o(.text)
    I2C1_EV_IRQHandler                       0x08000163   Thumb Code     0  startup_stm32f10x_hd.o(.text)
    I2C2_ER_IRQHandler                       0x08000163   Thumb Code     0  startup_stm32f10x_hd.o(.text)
    I2C2_EV_IRQHandler                       0x08000163   Thumb Code     0  startup_stm32f10x_hd.o(.text)
    PVD_IRQHandler                           0x08000163   Thumb Code     0  startup_stm32f10x_hd.o(.text)
    RCC_IRQHandler                           0x08000163   Thumb Code     0  startup_stm32f10x_hd.o(.text)
    RTCAlarm_IRQHandler                      0x08000163   Thumb Code     0  startup_stm32f10x_hd.o(.text)
    RTC_IRQHandler                           0x08000163   Thumb Code     0  startup_stm32f10x_hd.o(.text)
    SDIO_IRQHandler                          0x08000163   Thumb Code     0  startup_stm32f10x_hd.o(.text)
    SPI1_IRQHandler                          0x08000163   Thumb Code     0  startup_stm32f10x_hd.o(.text)
    SPI2_IRQHandler                          0x08000163   Thumb Code     0  startup_stm32f10x_hd.o(.text)
    SPI3_IRQHandler                          0x08000163   Thumb Code     0  startup_stm32f10x_hd.o(.text)
    TAMPER_IRQHandler                        0x08000163   Thumb Code     0  startup_stm32f10x_hd.o(.text)
    TIM1_BRK_IRQHandler                      0x08000163   Thumb Code     0  startup_stm32f10x_hd.o(.text)
    TIM1_CC_IRQHandler                       0x08000163   Thumb Code     0  startup_stm32f10x_hd.o(.text)
    TIM1_TRG_COM_IRQHandler                  0x08000163   Thumb Code     0  startup_stm32f10x_hd.o(.text)
    TIM1_UP_IRQHandler                       0x08000163   Thumb Code     0  startup_stm32f10x_hd.o(.text)
    TIM2_IRQHandler                          0x08000163   Thumb Code     0  startup_stm32f10x_hd.o(.text)
    TIM3_IRQHandler                          0x08000163   Thumb Code     0  startup_stm32f10x_hd.o(.text)
    TIM4_IRQHandler                          0x08000163   Thumb Code     0  startup_stm32f10x_hd.o(.text)
    TIM5_IRQHandler                          0x08000163   Thumb Code     0  startup_stm32f10x_hd.o(.text)
    TIM6_IRQHandler                          0x08000163   Thumb Code     0  startup_stm32f10x_hd.o(.text)
    TIM7_IRQHandler                          0x08000163   Thumb Code     0  startup_stm32f10x_hd.o(.text)
    TIM8_BRK_IRQHandler                      0x08000163   Thumb Code     0  startup_stm32f10x_hd.o(.text)
    TIM8_CC_IRQHandler                       0x08000163   Thumb Code     0  startup_stm32f10x_hd.o(.text)
    TIM8_TRG_COM_IRQHandler                  0x08000163   Thumb Code     0  startup_stm32f10x_hd.o(.text)
    TIM8_UP_IRQHandler                       0x08000163   Thumb Code     0  startup_stm32f10x_hd.o(.text)
    UART4_IRQHandler                         0x08000163   Thumb Code     0  startup_stm32f10x_hd.o(.text)
    UART5_IRQHandler                         0x08000163   Thumb Code     0  startup_stm32f10x_hd.o(.text)
    USART2_IRQHandler                        0x08000163   Thumb Code     0  startup_stm32f10x_hd.o(.text)
    USART3_IRQHandler                        0x08000163   Thumb Code     0  startup_stm32f10x_hd.o(.text)
    USBWakeUp_IRQHandler                     0x08000163   Thumb Code     0  startup_stm32f10x_hd.o(.text)
    USB_HP_CAN1_TX_IRQHandler                0x08000163   Thumb Code     0  startup_stm32f10x_hd.o(.text)
    USB_LP_CAN1_RX0_IRQHandler               0x08000163   Thumb Code     0  startup_stm32f10x_hd.o(.text)
    WWDG_IRQHandler                          0x08000163   Thumb Code     0  startup_stm32f10x_hd.o(.text)
    SystemInit                               0x0800024b   Thumb Code    78  system_stm32f10x.o(.text)
    SystemCoreClockUpdate                    0x08000299   Thumb Code   142  system_stm32f10x.o(.text)
    GPIO_DeInit                              0x0800034d   Thumb Code   172  stm32f10x_gpio.o(.text)
    GPIO_AFIODeInit                          0x080003f9   Thumb Code    20  stm32f10x_gpio.o(.text)
    GPIO_Init                                0x0800040d   Thumb Code   278  stm32f10x_gpio.o(.text)
    GPIO_StructInit                          0x08000523   Thumb Code    16  stm32f10x_gpio.o(.text)
    GPIO_ReadInputDataBit                    0x08000533   Thumb Code    18  stm32f10x_gpio.o(.text)
    GPIO_ReadInputData                       0x08000545   Thumb Code     8  stm32f10x_gpio.o(.text)
    GPIO_ReadOutputDataBit                   0x0800054d   Thumb Code    18  stm32f10x_gpio.o(.text)
    GPIO_ReadOutputData                      0x0800055f   Thumb Code     8  stm32f10x_gpio.o(.text)
    GPIO_SetBits                             0x08000567   Thumb Code     4  stm32f10x_gpio.o(.text)
    GPIO_ResetBits                           0x0800056b   Thumb Code     4  stm32f10x_gpio.o(.text)
    GPIO_WriteBit                            0x0800056f   Thumb Code    10  stm32f10x_gpio.o(.text)
    GPIO_Write                               0x08000579   Thumb Code     4  stm32f10x_gpio.o(.text)
    GPIO_PinLockConfig                       0x0800057d   Thumb Code    18  stm32f10x_gpio.o(.text)
    GPIO_EventOutputConfig                   0x0800058f   Thumb Code    26  stm32f10x_gpio.o(.text)
    GPIO_EventOutputCmd                      0x080005a9   Thumb Code     6  stm32f10x_gpio.o(.text)
    GPIO_PinRemapConfig                      0x080005af   Thumb Code   138  stm32f10x_gpio.o(.text)
    GPIO_EXTILineConfig                      0x08000639   Thumb Code    66  stm32f10x_gpio.o(.text)
    GPIO_ETH_MediaInterfaceConfig            0x0800067b   Thumb Code     8  stm32f10x_gpio.o(.text)
    RCC_DeInit                               0x080006a9   Thumb Code    64  stm32f10x_rcc.o(.text)
    RCC_HSEConfig                            0x080006e9   Thumb Code    70  stm32f10x_rcc.o(.text)
    RCC_GetFlagStatus                        0x0800072f   Thumb Code    56  stm32f10x_rcc.o(.text)
    RCC_WaitForHSEStartUp                    0x08000767   Thumb Code    56  stm32f10x_rcc.o(.text)
    RCC_AdjustHSICalibrationValue            0x0800079f   Thumb Code    20  stm32f10x_rcc.o(.text)
    RCC_HSICmd                               0x080007b3   Thumb Code     6  stm32f10x_rcc.o(.text)
    RCC_PLLConfig                            0x080007b9   Thumb Code    24  stm32f10x_rcc.o(.text)
    RCC_PLLCmd                               0x080007d1   Thumb Code     6  stm32f10x_rcc.o(.text)
    RCC_SYSCLKConfig                         0x080007d7   Thumb Code    18  stm32f10x_rcc.o(.text)
    RCC_GetSYSCLKSource                      0x080007e9   Thumb Code    10  stm32f10x_rcc.o(.text)
    RCC_HCLKConfig                           0x080007f3   Thumb Code    18  stm32f10x_rcc.o(.text)
    RCC_PCLK1Config                          0x08000805   Thumb Code    18  stm32f10x_rcc.o(.text)
    RCC_PCLK2Config                          0x08000817   Thumb Code    20  stm32f10x_rcc.o(.text)
    RCC_ITConfig                             0x0800082b   Thumb Code    26  stm32f10x_rcc.o(.text)
    RCC_USBCLKConfig                         0x08000845   Thumb Code     8  stm32f10x_rcc.o(.text)
    RCC_ADCCLKConfig                         0x0800084d   Thumb Code    18  stm32f10x_rcc.o(.text)
    RCC_LSEConfig                            0x0800085f   Thumb Code    50  stm32f10x_rcc.o(.text)
    RCC_LSICmd                               0x08000891   Thumb Code     6  stm32f10x_rcc.o(.text)
    RCC_RTCCLKConfig                         0x08000897   Thumb Code    12  stm32f10x_rcc.o(.text)
    RCC_RTCCLKCmd                            0x080008a3   Thumb Code     8  stm32f10x_rcc.o(.text)
    RCC_GetClocksFreq                        0x080008ab   Thumb Code   192  stm32f10x_rcc.o(.text)
    RCC_AHBPeriphClockCmd                    0x0800096b   Thumb Code    26  stm32f10x_rcc.o(.text)
    RCC_APB2PeriphClockCmd                   0x08000985   Thumb Code    26  stm32f10x_rcc.o(.text)
    RCC_APB1PeriphClockCmd                   0x0800099f   Thumb Code    26  stm32f10x_rcc.o(.text)
    RCC_APB2PeriphResetCmd                   0x080009b9   Thumb Code    26  stm32f10x_rcc.o(.text)
    RCC_APB1PeriphResetCmd                   0x080009d3   Thumb Code    26  stm32f10x_rcc.o(.text)
    RCC_BackupResetCmd                       0x080009ed   Thumb Code     8  stm32f10x_rcc.o(.text)
    RCC_ClockSecuritySystemCmd               0x080009f5   Thumb Code     6  stm32f10x_rcc.o(.text)
    RCC_MCOConfig                            0x080009fb   Thumb Code     6  stm32f10x_rcc.o(.text)
    RCC_ClearFlag                            0x08000a01   Thumb Code    14  stm32f10x_rcc.o(.text)
    RCC_GetITStatus                          0x08000a0f   Thumb Code    20  stm32f10x_rcc.o(.text)
    RCC_ClearITPendingBit                    0x08000a23   Thumb Code     6  stm32f10x_rcc.o(.text)
    USART_DeInit                             0x08000a4d   Thumb Code   134  stm32f10x_usart.o(.text)
    USART_Init                               0x08000ad3   Thumb Code   210  stm32f10x_usart.o(.text)
    USART_StructInit                         0x08000ba5   Thumb Code    24  stm32f10x_usart.o(.text)
    USART_ClockInit                          0x08000bbd   Thumb Code    34  stm32f10x_usart.o(.text)
    USART_ClockStructInit                    0x08000bdf   Thumb Code    12  stm32f10x_usart.o(.text)
    USART_Cmd                                0x08000beb   Thumb Code    24  stm32f10x_usart.o(.text)
    USART_ITConfig                           0x08000c03   Thumb Code    74  stm32f10x_usart.o(.text)
    USART_DMACmd                             0x08000c4d   Thumb Code    18  stm32f10x_usart.o(.text)
    USART_SetAddress                         0x08000c5f   Thumb Code    18  stm32f10x_usart.o(.text)
    USART_WakeUpConfig                       0x08000c71   Thumb Code    18  stm32f10x_usart.o(.text)
    USART_ReceiverWakeUpCmd                  0x08000c83   Thumb Code    24  stm32f10x_usart.o(.text)
    USART_LINBreakDetectLengthConfig         0x08000c9b   Thumb Code    18  stm32f10x_usart.o(.text)
    USART_LINCmd                             0x08000cad   Thumb Code    24  stm32f10x_usart.o(.text)
    USART_SendData                           0x08000cc5   Thumb Code     8  stm32f10x_usart.o(.text)
    USART_ReceiveData                        0x08000ccd   Thumb Code    10  stm32f10x_usart.o(.text)
    USART_SendBreak                          0x08000cd7   Thumb Code    10  stm32f10x_usart.o(.text)
    USART_SetGuardTime                       0x08000ce1   Thumb Code    16  stm32f10x_usart.o(.text)
    USART_SetPrescaler                       0x08000cf1   Thumb Code    16  stm32f10x_usart.o(.text)
    USART_SmartCardCmd                       0x08000d01   Thumb Code    24  stm32f10x_usart.o(.text)
    USART_SmartCardNACKCmd                   0x08000d19   Thumb Code    24  stm32f10x_usart.o(.text)
    USART_HalfDuplexCmd                      0x08000d31   Thumb Code    24  stm32f10x_usart.o(.text)
    USART_OverSampling8Cmd                   0x08000d49   Thumb Code    22  stm32f10x_usart.o(.text)
    USART_OneBitMethodCmd                    0x08000d5f   Thumb Code    24  stm32f10x_usart.o(.text)
    USART_IrDAConfig                         0x08000d77   Thumb Code    18  stm32f10x_usart.o(.text)
    USART_IrDACmd                            0x08000d89   Thumb Code    24  stm32f10x_usart.o(.text)
    USART_GetFlagStatus                      0x08000da1   Thumb Code    26  stm32f10x_usart.o(.text)
    USART_ClearFlag                          0x08000dbb   Thumb Code    18  stm32f10x_usart.o(.text)
    USART_GetITStatus                        0x08000dcd   Thumb Code    84  stm32f10x_usart.o(.text)
    USART_ClearITPendingBit                  0x08000e21   Thumb Code    52  stm32f10x_usart.o(.text)
    main                                     0x08000e55   Thumb Code  1124  main.o(.text)
    NMI_Handler                              0x080012b9   Thumb Code     2  stm32f10x_it.o(.text)
    HardFault_Handler                        0x080012bb   Thumb Code     4  stm32f10x_it.o(.text)
    MemManage_Handler                        0x080012bf   Thumb Code     4  stm32f10x_it.o(.text)
    BusFault_Handler                         0x080012c3   Thumb Code     4  stm32f10x_it.o(.text)
    UsageFault_Handler                       0x080012c7   Thumb Code     4  stm32f10x_it.o(.text)
    SVC_Handler                              0x080012cb   Thumb Code     2  stm32f10x_it.o(.text)
    DebugMon_Handler                         0x080012cd   Thumb Code     2  stm32f10x_it.o(.text)
    PendSV_Handler                           0x080012cf   Thumb Code     2  stm32f10x_it.o(.text)
    SysTick_Handler                          0x080012d1   Thumb Code     2  stm32f10x_it.o(.text)
    USART1_IRQHandler                        0x080012d3   Thumb Code    32  stm32f10x_it.o(.text)
    SysTick_Delay_us                         0x08001345   Thumb Code    54  bsp_delay.o(.text)
    SysTick_Delay_ms                         0x0800137b   Thumb Code    54  bsp_delay.o(.text)
    stepper_turn                             0x080013bd   Thumb Code   164  bsp_stepper.o(.text)
    stepper_Init                             0x08001461   Thumb Code    76  bsp_stepper.o(.text)
    OLED_WR_Byte                             0x080014b9   Thumb Code   114  bsp_oled.o(.text)
    OLED_ColorTurn                           0x0800152b   Thumb Code    28  bsp_oled.o(.text)
    OLED_DisplayTurn                         0x08001547   Thumb Code    44  bsp_oled.o(.text)
    OLED_DisPlay_On                          0x08001573   Thumb Code    28  bsp_oled.o(.text)
    OLED_DisPlay_Off                         0x0800158f   Thumb Code    28  bsp_oled.o(.text)
    OLED_Refresh                             0x080015ab   Thumb Code    70  bsp_oled.o(.text)
    OLED_Clear                               0x080015f1   Thumb Code    42  bsp_oled.o(.text)
    OLED_DrawPoint                           0x0800161b   Thumb Code   114  bsp_oled.o(.text)
    OLED_DrawLine                            0x0800168d   Thumb Code   172  bsp_oled.o(.text)
    OLED_DrawCircle                          0x08001739   Thumb Code   168  bsp_oled.o(.text)
    OLED_ShowChar                            0x080017e1   Thumb Code   330  bsp_oled.o(.text)
    OLED_ShowString                          0x0800192b   Thumb Code    74  bsp_oled.o(.text)
    OLED_Pow                                 0x08001975   Thumb Code    22  bsp_oled.o(.text)
    OLED_ShowNum                             0x0800198b   Thumb Code   140  bsp_oled.o(.text)
    OLED_ShowChinese                         0x08001a17   Thumb Code   244  bsp_oled.o(.text)
    OLED_ScrollDisplay                       0x08001b0b   Thumb Code   168  bsp_oled.o(.text)
    OLED_ShowPicture                         0x08001bb3   Thumb Code   214  bsp_oled.o(.text)
    OLED_Init                                0x08001c89   Thumb Code   294  bsp_oled.o(.text)
    Keyboard_Init                            0x08001dcd   Thumb Code    66  bsp_keyboard.o(.text)
    Keyboard_Scan                            0x08001e0f   Thumb Code   924  bsp_keyboard.o(.text)
    __aeabi_ddiv                             0x080021b9   Thumb Code   222  ddiv.o(.text)
    __aeabi_i2f                              0x08002297   Thumb Code    18  fflti.o(.text)
    __aeabi_d2iz                             0x080022a9   Thumb Code    62  dfixi.o(.text)
    __aeabi_f2d                              0x080022e7   Thumb Code    38  f2d.o(.text)
    __aeabi_llsr                             0x0800230d   Thumb Code    32  llushr.o(.text)
    _ll_ushift_r                             0x0800230d   Thumb Code     0  llushr.o(.text)
    __I$use$fp                               0x0800232d   Thumb Code     0  iusefp.o(.text)
    _float_round                             0x0800232d   Thumb Code    18  fepilogue.o(.text)
    _float_epilogue                          0x0800233f   Thumb Code    92  fepilogue.o(.text)
    _double_round                            0x0800239b   Thumb Code    30  depilogue.o(.text)
    _double_epilogue                         0x080023b9   Thumb Code   156  depilogue.o(.text)
    __scatterload                            0x08002455   Thumb Code    28  init.o(.text)
    __scatterload_rt2                        0x08002455   Thumb Code     0  init.o(.text)
    __aeabi_llsl                             0x08002479   Thumb Code    30  llshl.o(.text)
    _ll_shift_l                              0x08002479   Thumb Code     0  llshl.o(.text)
    __scatterload_copy                       0x08002497   Thumb Code    14  handlers.o(i.__scatterload_copy)
    __scatterload_null                       0x080024a5   Thumb Code     2  handlers.o(i.__scatterload_null)
    __scatterload_zeroinit                   0x080024a7   Thumb Code    14  handlers.o(i.__scatterload_zeroinit)
    asc2_0806                                0x080024b4   Data         552  bsp_oled.o(.constdata)
    asc2_1206                                0x080026dc   Data        1140  bsp_oled.o(.constdata)
    asc2_1608                                0x08002b50   Data        1520  bsp_oled.o(.constdata)
    asc2_2412                                0x08003140   Data        3420  bsp_oled.o(.constdata)
    Hzk1                                     0x08003e9c   Data         224  bsp_oled.o(.constdata)
    Hzk2                                     0x08003f7c   Data          72  bsp_oled.o(.constdata)
    Hzk3                                     0x08003fc4   Data         128  bsp_oled.o(.constdata)
    Hzk4                                     0x08004044   Data         512  bsp_oled.o(.constdata)
    Region$$Table$$Base                      0x08004244   Number         0  anon$$obj.o(Region$$Table)
    Region$$Table$$Limit                     0x08004264   Number         0  anon$$obj.o(Region$$Table)
    SystemCoreClock                          0x20000000   Data           4  system_stm32f10x.o(.data)
    AHBPrescTable                            0x20000004   Data          16  system_stm32f10x.o(.data)
    key_num                                  0x20000028   Data           4  bsp_keyboard.o(.data)
    flag                                     0x2000002c   Data           4  bsp_keyboard.o(.data)
    value                                    0x20000030   Data           4  bsp_keyboard.o(.data)
    i                                        0x20000034   Data           4  bsp_keyboard.o(.data)
    OLED_GRAM                                0x20000038   Data        1152  bsp_oled.o(.bss)
    __initial_sp                             0x200008b8   Data           0  startup_stm32f10x_hd.o(STACK)



==============================================================================

Memory Map of the image

  Image Entry point : 0x08000131

  Load Region LR_IROM1 (Base: 0x08000000, Size: 0x0000429c, Max: 0x00080000, ABSOLUTE)

    Execution Region ER_IROM1 (Exec base: 0x08000000, Load base: 0x08000000, Size: 0x00004264, Max: 0x00080000, ABSOLUTE)

    Exec Addr    Load Addr    Size         Type   Attr      Idx    E Section Name        Object

    0x08000000   0x08000000   0x00000130   Data   RO            3    RESET               startup_stm32f10x_hd.o
    0x08000130   0x08000130   0x00000000   Code   RO          571  * .ARM.Collect$$$$00000000  mc_w.l(entry.o)
    0x08000130   0x08000130   0x00000004   Code   RO          582    .ARM.Collect$$$$00000001  mc_w.l(entry2.o)
    0x08000134   0x08000134   0x00000004   Code   RO          585    .ARM.Collect$$$$00000004  mc_w.l(entry5.o)
    0x08000138   0x08000138   0x00000000   Code   RO          587    .ARM.Collect$$$$00000008  mc_w.l(entry7b.o)
    0x08000138   0x08000138   0x00000000   Code   RO          589    .ARM.Collect$$$$0000000A  mc_w.l(entry8b.o)
    0x08000138   0x08000138   0x00000008   Code   RO          590    .ARM.Collect$$$$0000000B  mc_w.l(entry9a.o)
    0x08000140   0x08000140   0x00000004   Code   RO          597    .ARM.Collect$$$$0000000E  mc_w.l(entry12b.o)
    0x08000144   0x08000144   0x00000000   Code   RO          592    .ARM.Collect$$$$0000000F  mc_w.l(entry10a.o)
    0x08000144   0x08000144   0x00000000   Code   RO          594    .ARM.Collect$$$$00000011  mc_w.l(entry11a.o)
    0x08000144   0x08000144   0x00000004   Code   RO          583    .ARM.Collect$$$$00002712  mc_w.l(entry2.o)
    0x08000148   0x08000148   0x00000024   Code   RO            4    .text               startup_stm32f10x_hd.o
    0x0800016c   0x0800016c   0x000001e0   Code   RO           24    .text               system_stm32f10x.o
    0x0800034c   0x0800034c   0x0000035c   Code   RO          269    .text               stm32f10x_gpio.o
    0x080006a8   0x080006a8   0x000003a4   Code   RO          317    .text               stm32f10x_rcc.o
    0x08000a4c   0x08000a4c   0x00000408   Code   RO          379    .text               stm32f10x_usart.o
    0x08000e54   0x08000e54   0x00000464   Code   RO          403    .text               main.o
    0x080012b8   0x080012b8   0x00000040   Code   RO          437    .text               stm32f10x_it.o
    0x080012f8   0x080012f8   0x000000c4   Code   RO          467    .text               bsp_delay.o
    0x080013bc   0x080013bc   0x000000fc   Code   RO          501    .text               bsp_stepper.o
    0x080014b8   0x080014b8   0x00000914   Code   RO          516    .text               bsp_oled.o
    0x08001dcc   0x08001dcc   0x000003ec   Code   RO          553    .text               bsp_keyboard.o
    0x080021b8   0x080021b8   0x000000de   Code   RO          574    .text               mf_w.l(ddiv.o)
    0x08002296   0x08002296   0x00000012   Code   RO          576    .text               mf_w.l(fflti.o)
    0x080022a8   0x080022a8   0x0000003e   Code   RO          578    .text               mf_w.l(dfixi.o)
    0x080022e6   0x080022e6   0x00000026   Code   RO          580    .text               mf_w.l(f2d.o)
    0x0800230c   0x0800230c   0x00000020   Code   RO          598    .text               mc_w.l(llushr.o)
    0x0800232c   0x0800232c   0x00000000   Code   RO          600    .text               mc_w.l(iusefp.o)
    0x0800232c   0x0800232c   0x0000006e   Code   RO          601    .text               mf_w.l(fepilogue.o)
    0x0800239a   0x0800239a   0x000000ba   Code   RO          603    .text               mf_w.l(depilogue.o)
    0x08002454   0x08002454   0x00000024   Code   RO          605    .text               mc_w.l(init.o)
    0x08002478   0x08002478   0x0000001e   Code   RO          607    .text               mc_w.l(llshl.o)
    0x08002496   0x08002496   0x0000000e   Code   RO          611    i.__scatterload_copy  mc_w.l(handlers.o)
    0x080024a4   0x080024a4   0x00000002   Code   RO          612    i.__scatterload_null  mc_w.l(handlers.o)
    0x080024a6   0x080024a6   0x0000000e   Code   RO          613    i.__scatterload_zeroinit  mc_w.l(handlers.o)
    0x080024b4   0x080024b4   0x00001d90   Data   RO          518    .constdata          bsp_oled.o
    0x08004244   0x08004244   0x00000020   Data   RO          609    Region$$Table       anon$$obj.o


    Execution Region RW_IRAM1 (Exec base: 0x20000000, Load base: 0x08004264, Size: 0x000008b8, Max: 0x00010000, ABSOLUTE)

    Exec Addr    Load Addr    Size         Type   Attr      Idx    E Section Name        Object

    0x20000000   0x08004264   0x00000014   Data   RW           25    .data               system_stm32f10x.o
    0x20000014   0x08004278   0x00000014   Data   RW          318    .data               stm32f10x_rcc.o
    0x20000028   0x0800428c   0x00000010   Data   RW          554    .data               bsp_keyboard.o
    0x20000038        -       0x00000480   Zero   RW          517    .bss                bsp_oled.o
    0x200004b8        -       0x00000400   Zero   RW            1    STACK               startup_stm32f10x_hd.o


==============================================================================

Image component sizes


      Code (inc. data)   RO Data    RW Data    ZI Data      Debug   Object Name

       196         12          0          0          0      16179   bsp_delay.o
      1004         14          0         16          0       1757   bsp_keyboard.o
      2324         60       7568          0       1152       8512   bsp_oled.o
       252         12          0          0          0        968   bsp_stepper.o
         0          0          0          0          0       4500   core_cm3.o
      1124         76          0          0          0       1571   main.o
        36          8        304          0       1024        864   startup_stm32f10x_hd.o
       860         38          0          0          0       5741   stm32f10x_gpio.o
        64          6          0          0          0       1440   stm32f10x_it.o
       932         36          0         20          0       8920   stm32f10x_rcc.o
      1032         22          0          0          0       8472   stm32f10x_usart.o
       480         38          0         20          0     228191   system_stm32f10x.o

    ----------------------------------------------------------------------
      8304        322       7904         56       2176     287115   Object Totals
         0          0         32          0          0          0   (incl. Generated)
         0          0          0          0          0          0   (incl. Padding)

    ----------------------------------------------------------------------

      Code (inc. data)   RO Data    RW Data    ZI Data      Debug   Library Member Name

         0          0          0          0          0          0   entry.o
         0          0          0          0          0          0   entry10a.o
         0          0          0          0          0          0   entry11a.o
         4          0          0          0          0          0   entry12b.o
         8          4          0          0          0          0   entry2.o
         4          0          0          0          0          0   entry5.o
         0          0          0          0          0          0   entry7b.o
         0          0          0          0          0          0   entry8b.o
         8          4          0          0          0          0   entry9a.o
        30          0          0          0          0          0   handlers.o
        36          8          0          0          0         68   init.o
         0          0          0          0          0          0   iusefp.o
        30          0          0          0          0         68   llshl.o
        32          0          0          0          0         68   llushr.o
       222          0          0          0          0        100   ddiv.o
       186          0          0          0          0        176   depilogue.o
        62          0          0          0          0         80   dfixi.o
        38          0          0          0          0         68   f2d.o
       110          0          0          0          0        168   fepilogue.o
        18          0          0          0          0         68   fflti.o

    ----------------------------------------------------------------------
       788         16          0          0          0        864   Library Totals
         0          0          0          0          0          0   (incl. Padding)

    ----------------------------------------------------------------------

      Code (inc. data)   RO Data    RW Data    ZI Data      Debug   Library Name

       152         16          0          0          0        204   mc_w.l
       636          0          0          0          0        660   mf_w.l

    ----------------------------------------------------------------------
       788         16          0          0          0        864   Library Totals

    ----------------------------------------------------------------------

==============================================================================


      Code (inc. data)   RO Data    RW Data    ZI Data      Debug   

      9092        338       7904         56       2176     287091   Grand Totals
      9092        338       7904         56       2176     287091   ELF Image Totals
      9092        338       7904         56          0          0   ROM Totals

==============================================================================

    Total RO  Size (Code + RO Data)                16996 (  16.60kB)
    Total RW  Size (RW Data + ZI Data)              2232 (   2.18kB)
    Total ROM Size (Code + RO Data + RW Data)      17052 (  16.65kB)

==============================================================================

